{
  "annotations": {
    "title": "List project fields",
    "readOnlyHint": true
  },
  "description": "List Project fields for a user or org",
  "inputSchema": {
    "properties": {
      "after": {
        "description": "Forward pagination cursor. Use when the previous response's pageInfo.hasNextPage=true. Supply pageInfo.nextCursor as 'after' and immediately request the next page. LOOP UNTIL pageInfo.hasNextPage=false (don't stop early). Keep per_page identical for every page.",
        "type": "string"
      },
      "before": {
        "description": "Backward pagination cursor (rare): supply to move to the preceding page using pageInfo.prevCursor. Not needed for normal forward iteration.",
        "type": "string"
      },
      "owner": {
        "description": "If owner_type == user it is the handle for the GitHub user account. If owner_type == org it is the name of the organization. The name is not case sensitive.",
        "type": "string"
      },
      "owner_type": {
        "description": "Owner type",
        "enum": [
          "user",
          "org"
        ],
        "type": "string"
      },
      "per_page": {
        "description": "Results per page (max 50). Keep constant across paginated requests; changing mid-sequence can complicate page traversal.",
        "type": "number"
      },
      "project_number": {
        "description": "The project's number.",
        "type": "number"
      }
    },
    "required": [
      "owner_type",
      "owner",
      "project_number"
    ],
    "type": "object"
  },
  "name": "list_project_fields"
}